
> obsidian-vault-intelligence@9.2.3 docs:build
> vitepress build


  vitepress v1.6.4

- building client + server bundles...

(!) Some chunks are larger than 600 kB after minification. Consider:
- Using dynamic import() to code-split the application
- Use build.rollupOptions.output.manualChunks to improve chunking: https://rollupjs.org/configuration-options/#output-manualchunks
- Adjust chunk size limit for this warning via build.chunkSizeWarningLimit.
[32m✓[0m building client + server bundles...
- rendering pages...
[32m✓[0m rendering pages...
- generating sitemap...
[32m✓[0m generating sitemap...
- @nolebase/vitepress-plugin-og-image: rendering open graph images...
✓ @nolebase/vitepress-plugin-og-image: rendering open graph images... (3553ms) 44 generated, 0 skipped, 0 errored
build complete in 13.28s.
